python : Creating test database for alias 'default'...
At line:1 char:26
+ ... s\activate; python manage.py test dashboard.tests > test_output.txt 2 ...
+                 ~~~~~~~~~~~~~~~~~~~~~~~~~~~~~~~~~~~~~~~~~~~~~~~~~~~~~~~~~
    + CategoryInfo          : NotSpecified: (Creating test d...as 'default'...:String) [], RemoteException
    + FullyQualifiedErrorId : NativeCommandError
 

System check identified some issues:

WARNINGS:
?: (staticfiles.W004) The directory 'C:\Users\hp\Desktop\minishop\static' in the STATICFILES_DIRS setting does not 
exist.

System check identified 1 issue (0 silenced).
C:\Users\hp\Desktop\minishop\venv\Lib\site-packages\django\core\handlers\base.py:61: UserWarning: No directory at: 
C:\Users\hp\Desktop\minishop\staticfiles\
  mw_instance = middleware(adapted_handler)
........F.F.........EEEEE.FF...
======================================================================
ERROR: test_order_chart_data (dashboard.tests.TestOrderAndDashboardViews.test_order_chart_data)
----------------------------------------------------------------------
Traceback (most recent call last):
  File "C:\Users\hp\Desktop\minishop\dashboard\tests.py", line 263, in setUp
    self.address = Address.objects.create(
                   ~~~~~~~~~~~~~~~~~~~~~~^
        user=self.normal_user,
        ^^^^^^^^^^^^^^^^^^^^^^
    ...<6 lines>...
        zip_code='12345'
        ^^^^^^^^^^^^^^^^
    )
    ^
  File "C:\Users\hp\Desktop\minishop\venv\Lib\site-packages\django\db\models\manager.py", line 87, in manager_method
    return getattr(self.get_queryset(), name)(*args, **kwargs)
           ~~~~~~~~~~~~~~~~~~~~~~~~~~~~~~~~~~^^^^^^^^^^^^^^^^^
  File "C:\Users\hp\Desktop\minishop\venv\Lib\site-packages\django\db\models\query.py", line 661, in create
    obj = self.model(**kwargs)
  File "C:\Users\hp\Desktop\minishop\venv\Lib\site-packages\django\db\models\base.py", line 569, in __init__
    raise TypeError(
    ...<2 lines>...
    )
TypeError: Address() got unexpected keyword arguments: 'zip_code'

======================================================================
ERROR: test_order_details (dashboard.tests.TestOrderAndDashboardViews.test_order_details)
----------------------------------------------------------------------
Traceback (most recent call last):
  File "C:\Users\hp\Desktop\minishop\dashboard\tests.py", line 263, in setUp
    self.address = Address.objects.create(
                   ~~~~~~~~~~~~~~~~~~~~~~^
        user=self.normal_user,
        ^^^^^^^^^^^^^^^^^^^^^^
    ...<6 lines>...
        zip_code='12345'
        ^^^^^^^^^^^^^^^^
    )
    ^
  File "C:\Users\hp\Desktop\minishop\venv\Lib\site-packages\django\db\models\manager.py", line 87, in manager_method
    return getattr(self.get_queryset(), name)(*args, **kwargs)
           ~~~~~~~~~~~~~~~~~~~~~~~~~~~~~~~~~~^^^^^^^^^^^^^^^^^
  File "C:\Users\hp\Desktop\minishop\venv\Lib\site-packages\django\db\models\query.py", line 661, in create
    obj = self.model(**kwargs)
  File "C:\Users\hp\Desktop\minishop\venv\Lib\site-packages\django\db\models\base.py", line 569, in __init__
    raise TypeError(
    ...<2 lines>...
    )
TypeError: Address() got unexpected keyword arguments: 'zip_code'

======================================================================
ERROR: test_orders_list (dashboard.tests.TestOrderAndDashboardViews.test_orders_list)
----------------------------------------------------------------------
Traceback (most recent call last):
  File "C:\Users\hp\Desktop\minishop\dashboard\tests.py", line 263, in setUp
    self.address = Address.objects.create(
                   ~~~~~~~~~~~~~~~~~~~~~~^
        user=self.normal_user,
        ^^^^^^^^^^^^^^^^^^^^^^
    ...<6 lines>...
        zip_code='12345'
        ^^^^^^^^^^^^^^^^
    )
    ^
  File "C:\Users\hp\Desktop\minishop\venv\Lib\site-packages\django\db\models\manager.py", line 87, in manager_method
    return getattr(self.get_queryset(), name)(*args, **kwargs)
           ~~~~~~~~~~~~~~~~~~~~~~~~~~~~~~~~~~^^^^^^^^^^^^^^^^^
  File "C:\Users\hp\Desktop\minishop\venv\Lib\site-packages\django\db\models\query.py", line 661, in create
    obj = self.model(**kwargs)
  File "C:\Users\hp\Desktop\minishop\venv\Lib\site-packages\django\db\models\base.py", line 569, in __init__
    raise TypeError(
    ...<2 lines>...
    )
TypeError: Address() got unexpected keyword arguments: 'zip_code'

======================================================================
ERROR: test_orders_list_data (dashboard.tests.TestOrderAndDashboardViews.test_orders_list_data)
----------------------------------------------------------------------
Traceback (most recent call last):
  File "C:\Users\hp\Desktop\minishop\dashboard\tests.py", line 263, in setUp
    self.address = Address.objects.create(
                   ~~~~~~~~~~~~~~~~~~~~~~^
        user=self.normal_user,
        ^^^^^^^^^^^^^^^^^^^^^^
    ...<6 lines>...
        zip_code='12345'
        ^^^^^^^^^^^^^^^^
    )
    ^
  File "C:\Users\hp\Desktop\minishop\venv\Lib\site-packages\django\db\models\manager.py", line 87, in manager_method
    return getattr(self.get_queryset(), name)(*args, **kwargs)
           ~~~~~~~~~~~~~~~~~~~~~~~~~~~~~~~~~~^^^^^^^^^^^^^^^^^
  File "C:\Users\hp\Desktop\minishop\venv\Lib\site-packages\django\db\models\query.py", line 661, in create
    obj = self.model(**kwargs)
  File "C:\Users\hp\Desktop\minishop\venv\Lib\site-packages\django\db\models\base.py", line 569, in __init__
    raise TypeError(
    ...<2 lines>...
    )
TypeError: Address() got unexpected keyword arguments: 'zip_code'

======================================================================
ERROR: test_weekly_chart_data (dashboard.tests.TestOrderAndDashboardViews.test_weekly_chart_data)
----------------------------------------------------------------------
Traceback (most recent call last):
  File "C:\Users\hp\Desktop\minishop\dashboard\tests.py", line 263, in setUp
    self.address = Address.objects.create(
                   ~~~~~~~~~~~~~~~~~~~~~~^
        user=self.normal_user,
        ^^^^^^^^^^^^^^^^^^^^^^
    ...<6 lines>...
        zip_code='12345'
        ^^^^^^^^^^^^^^^^
    )
    ^
  File "C:\Users\hp\Desktop\minishop\venv\Lib\site-packages\django\db\models\manager.py", line 87, in manager_method
    return getattr(self.get_queryset(), name)(*args, **kwargs)
           ~~~~~~~~~~~~~~~~~~~~~~~~~~~~~~~~~~^^^^^^^^^^^^^^^^^
  File "C:\Users\hp\Desktop\minishop\venv\Lib\site-packages\django\db\models\query.py", line 661, in create
    obj = self.model(**kwargs)
  File "C:\Users\hp\Desktop\minishop\venv\Lib\site-packages\django\db\models\base.py", line 569, in __init__
    raise TypeError(
    ...<2 lines>...
    )
TypeError: Address() got unexpected keyword arguments: 'zip_code'

======================================================================
FAIL: test_banner_create_post (dashboard.tests.TestBannerViews.test_banner_create_post)
----------------------------------------------------------------------
Traceback (most recent call last):
  File "C:\Users\hp\Desktop\minishop\dashboard\tests.py", line 97, in test_banner_create_post
    self.assertRedirects(response, reverse('vendor_dashboard'))
    ~~~~~~~~~~~~~~~~~~~~^^^^^^^^^^^^^^^^^^^^^^^^^^^^^^^^^^^^^^^
AssertionError: 302 != 200 : Couldn't retrieve redirection page '/dashboard/': response code was 302 (expected 200)

======================================================================
FAIL: test_banner_list (dashboard.tests.TestBannerViews.test_banner_list)
----------------------------------------------------------------------
Traceback (most recent call last):
  File "C:\Users\hp\Desktop\minishop\dashboard\tests.py", line 83, in test_banner_list
    self.assertContains(response, 'Test Banner')
    ~~~~~~~~~~~~~~~~~~~^^^^^^^^^^^^^^^^^^^^^^^^^
AssertionError: False is not true : Couldn't find 'Test Banner' in the following response
b'\n<!DOCTYPE html>\n<html lang="en">\n<head>\n    <meta charset="UTF-8">\n    <meta name="viewport" 
content="width=device-width, initial-scale=1.0">\n    <meta http-equiv="X-UA-Compatible" content="IE=edge">\n    
<title>\nBanner\n | MiniShop</title>\n    <link href="https://fonts.googleapis.com/css2?family=Inter:wght@300;400;500;6
00;700;800&family=Outfit:wght@300;400;500;600;700;800&display=swap" rel="stylesheet">\n    <link 
href="https://cdn.jsdelivr.net/npm/bootstrap@5.3.2/dist/css/bootstrap.min.css" rel="stylesheet">\n    <link 
href="https://cdnjs.cloudflare.com/ajax/libs/bootstrap/5.3.0/css/bootstrap.min.css" rel="stylesheet">\n    <link 
href="https://cdnjs.cloudflare.com/ajax/libs/font-awesome/6.4.0/css/all.min.css" rel="stylesheet">\n    <link 
href="https://cdnjs.cloudflare.com/ajax/libs/animate.css/4.1.1/animate.min.css" rel="stylesheet">\n    <link 
href="https://cdnjs.cloudflare.com/ajax/libs/bootstrap-icons/1.10.0/font/bootstrap-icons.min.css" rel="stylesheet">\n  
  <link rel="stylesheet" href="/static/home/css/dashboard.css">\n    <link rel="stylesheet" 
href="https://cdnjs.cloudflare.com/ajax/libs/toastr.js/latest/toastr.css" 
integrity="sha512-3pIirOrwegjM6erE5gPSwkUzO+3cTjpnV9lexlNZqvupR64iZBnOOTiiLPb9M36zpMScbmUNIcHUqKD47M719g==" 
crossorigin="anonymous" referrerpolicy="no-referrer" />\n    <!-- Chart.js -->\n     <script 
src="https://cdn.jsdelivr.net/npm/chart.js"></script>\n    <!-- DataTables -->\n     <link rel="stylesheet" 
href="https://cdn.datatables.net/2.3.2/css/dataTables.dataTables.min.css">\n    \n</head>\n<body>\n    <!-- Preloader 
-->\n    <div class="preloader" id="preloader">\n        <div class="spinner"></div>\n    </div>\n\n    <!-- Top 
Navbar -->\n    <nav class="navbar navbar-expand-lg sticky-top">\n        <div class="container-fluid">\n            
<!-- Sidebar Toggle Button (Mobile) -->\n            <button class="navbar-toggler border-0 me-2" type="button" 
id="mobile-sidebar-toggle" aria-label="Toggle sidebar">\n                <i class="fas fa-bars"></i>\n            
</button>\n            <!-- Sidebar Toggle Button (Desktop) -->\n            <div class="d-none d-lg-block me-3">\n    
            <span class="sidebar-toggle" id="sidebar-toggle" aria-label="Toggle sidebar">\n                    <i 
class="fas fa-bars"></i>\n                </span>\n            </div>\n            <!-- Logo -->\n            <a 
class="navbar-brand me-auto" href="/">\n                <i class="fas fa-shopping-bag logo-icon"></i>\n                
<span class="logo-text">MiniShop</span>\n            </a>\n            \n            <!-- Right navbar items -->\n     
       <div class="d-flex align-items-center">\n                \n        <div class="dropdown me-3">\n        <a 
class="nav-link position-relative" href="#" role="button" data-bs-toggle="dropdown" aria-expanded="false">\n           
 <i class="bi bi-bell fs-5"></i>\n            \n        </a>\n\n        <div class="dropdown-menu dropdown-menu-end 
shadow p-0" style="min-width: 300px;">\n            <!-- Header -->\n            <div class="d-flex 
justify-content-between align-items-center px-3 py-2 border-bottom">\n            <strong>Notifications</strong>\n     
       \n            </div>\n\n            <!-- List -->\n            <div class="list-group list-group-flush 
overflow-auto" style="max-height: 350px;">\n            \n                <div class="text-center py-4 text-muted">\n  
              <i class="bi bi-bell-slash fs-3 mb-2"></i>\n                <div>No new notifications</div>\n            
    </div>\n            \n            </div>\n\n            <!-- Footer -->\n            \n        </div>\n    
</div>\n\n\n                <!-- Theme Toggle -->\n                <button class="theme-toggle me-2" id="theme-toggle" 
aria-label="Toggle theme">\n                    <i class="fas fa-sun"></i>\n                </button>\n                
\n                <!-- User Avatar -->\n                <div class="dropdown avatar-container position-relative">\n    
                <div class="profile-icon dropdown-toggle d-flex align-items-center justify-content-center 
bg-primary-light text-primary rounded-circle" \n                         data-bs-toggle="dropdown" 
aria-expanded="false" \n                         style="width: 40px; height: 40px; cursor: pointer; border: 2px solid 
var(--primary-color);">\n                        <i class="fas fa-user"></i>\n                    </div>\n             
       <span class="avatar-badge"></span>\n                    <ul class="dropdown-menu dropdown-menu-end mt-2" 
id="profile_menu_dropdown">\n                        <li><a class="dropdown-item" href="#">Action</a></li>\n           
             <li><a class="dropdown-item" href="#">Another action</a></li>\n                        <li><a 
class="dropdown-item" href="#">Something else here</a></li>\n                        <li><hr 
class="dropdown-divider"></li>\n                        <li> \n                            <a class="dropdown-item" 
href="/dashboard/logout/">\n                                <i class="fas fa-sign-out-alt"></i>\n                      
          Logout\n                            </a>\n                        </li>\n                    </ul>\n         
       </div>\n\n            </div>\n        </div>\n    </nav>\n\n    <!-- Sidebar -->\n    <aside class="sidebar" 
id="sidebar" aria-label="Navigation sidebar">\n        <div class="py-3">\n            <!-- Dashboard -->\n            
<div class="nav-item-header">\n                Main\n            </div>\n            <ul class="nav flex-column">\n    
            <li class="nav-item">\n                    <a class="nav-link  " href="/dashboard/">\n                     
   <i class="fas fa-home"></i>\n                        <span>Dashboard</span>\n                        <div 
class="sidebar-tooltip">Dashboard</div>\n                    </a>\n                </li>\n                <li 
class="nav-item">\n                    <a class="nav-link" href="/">\n                        <i class="fas 
fa-globe"></i>\n                        <span>View Site</span>\n                        <div 
class="sidebar-tooltip">View Site</div>\n                    </a>\n                </li>\n            </ul>\n          
  \n<!-- Orders Management -->\n    <div class="nav-item-header">\n        Orders Management\n    </div>\n    <ul 
class="nav flex-column">\n        <li class="nav-item">\n            <a class="nav-link " 
href="/dashboard/orders/list/" role="button" >\n                <i class="fas fa-shopping-cart"></i>\n                
<span class="nav-link-text">Orders</span>\n            </a>\n        </li>\n    </ul>\n\n<!-- Product Management -->\n 
   <div class="nav-item-header">\n        Product Management\n    </div>\n    <ul class="nav flex-column">\n        
<li class="nav-item">\n            <a class="nav-link " href="/dashboard/category/create/" role="button" >\n           
     <i class="fas fa-file-alt"></i>\n                <span class="nav-link-text">Category</span>\n            </a>\n  
      </li>\n        <li class="nav-item">\n            <a class="nav-link " href="/dashboard/product/list/" 
role="button" >\n                <i class="fas fa-file-alt"></i>\n                <span 
class="nav-link-text">Product</span>\n            </a>\n        </li>\n    </ul>\n    \n<!-- Content Management -->\n  
  <div class="nav-item-header">\n        Content Management\n    </div>\n    <ul class="nav flex-column">\n        <li 
class="nav-item">\n            <a class="nav-link" data-bs-toggle="collapse" href="#contentSubmenu" role="button" 
aria-expanded="false" aria-controls="contentSubmenu">\n            <i class="fas fa-file-alt"></i>\n            <span 
class="nav-link-text">Content</span>\n            <i class="fas fa-chevron-down caret m-2"></i>\n            </a>\n    
        <div class="collapse" id="contentSubmenu">\n            <ul class="btn-toggle-nav list-unstyled fw-normal pb-1 
small ms-3">\n                <li><a href="/dashboard/navbar/create/" class="nav-link ">Navbar</a></li>\n              
  <li><a href="/dashboard/banner/list/" class="nav-link  active">Banner</a></li>\n                <li><a 
href="/dashboard/services/list/" class="nav-link ">Services</a></li>\n            </ul>\n            </div>\n        
</li>\n    </ul>\n\n\n            \n        </div>\n    </aside>\n\n    <!-- Main Content -->\n    <main 
class="content-wrapper" id="content">\n        <div class="container-fluid p-0">\n            \n            \n<div 
class="container">\n    <div class="row">\n        <div class="col-md-12">\n            <div class="card">\n           
     <div class="card-header">\n                    <h3 class="card-title">Banner\n                        <a 
href="/dashboard/banner/create/" class="btn btn-lg"><i class="fas fa-plus-circle"></i></a>\n                        \n 
                   </h3>\n                    \n                </div>\n                <div class="card-body">\n      
              <div class="row">\n                        <div class="col-md-12">\n                            <div\n   
                             class="table-responsive"\n                            >\n                                
<table\n                                    class="table"\n                                >\n                         
           <thead>\n                                        <tr>\n                                            <th 
scope="col">Sno</th>\n                                            <th scope="col">Title</th>\n                         
                   <th scope="col">Action</th>\n                                        </tr>\n                        
            </thead>\n                                    <tbody>\n                                        \n          
                                  <tr>\n                                                <th scope="row">1</th>\n       
                                         <td>\n                                                    \n                  
                                      <img src="/media/banner/test_S5yUxis.jpg" class="img-thumbnail" width="150" 
alt="Current Image">\n                                                    \n                                           
     </td>\n                                                <td>Test Title</td>\n                                      
          <td>\n                                                    <a href="/dashboard/banner/5/update/" class="btn 
btn-sm btn-primary"><i class="fas fa-pen"></i></a>\n                                                    <a 
href="/dashboard/banner/5/delete/" class="btn btn-sm btn-danger"><i class="fas fa-trash"></i></a>\n                    
                            </td>\n                                            </tr>\n                                 
       \n                                    </tbody>\n                                </table>\n                      
      </div>\n                            \n                        </div>\n                    </div>\n               
 </div>\n            </div>\n        </div>\n    </div>\n</div>\n\n        </div>\n    </main>\n\n    <!-- Bootstrap & 
jQuery JS -->\n    <script src="https://cdnjs.cloudflare.com/ajax/libs/jquery/3.6.0/jquery.min.js"></script>\n    
<script src="https://cdn.jsdelivr.net/npm/bootstrap@5.3.2/dist/js/bootstrap.bundle.min.js"></script>\n    \n    
<script src="https://cdnjs.cloudflare.com/ajax/libs/toastr.js/latest/toastr.min.js" 
integrity="sha512-VEd+nq25CkR676O+pLBnDW09R7VQX9Mdiij052gVCp5yVH3jGtH70Ho/UUv4mJDsEdTvqRCFZg0NKGiojGnUCw==" 
crossorigin="anonymous" referrerpolicy="no-referrer"></script>\n    <!-- DataTables -->\n     <script 
src="https://cdn.datatables.net/2.3.2/js/dataTables.min.js"></script>\n    \n    <script 
src="/static/home/js/dashboard.js"></script>\n    <script>\n        $(document).ready(function(){\n            // 
Toastr\n            toastr.options = {\n                "closeButton": true,\n                "progressBar": true,\n   
             "positionClass": "toast-top-right",\n                "preventDuplicates": true,\n                
"timeOut": "4000",\n                "extendedTimeOut": "1000",\n                "showDuration": "300",\n               
 "hideDuration": "300",\n                "showMethod": "fadeIn",\n                "hideMethod": "fadeOut"\n            
};\n\n\n        });\n\n    </script>\n    <script>\n        jQuery(document).ready(function($) {\n            \n       
 });\n    </script>\n    \n<script>\n    // Monthly Sale\'s Chart\n    
fetch(\'/dashboard/dashboard/order/chart/data/\')\n    .then(response => response.json())\n    .then(data => {\n       
 const ctx = document.getElementById(\'myChart\').getContext(\'2d\');\n        new Chart(ctx, {\n            type: 
\'bar\',\n            data: data.orders_charts,\n            options: {\n                responsive: true,\n           
     animation: {\n                    duration: 4000, // animation ki total time in ms (1000 = 1 sec)\n               
     easing: \'easeOutBounce\', // animation style (you can try others too)\n                },\n                
scales: {\n                    y: {\n                        beginAtZero: true\n                    }\n                
}\n            }\n        });\n    });\n    // Weekly Sale\'s Chart\n    
fetch(\'/dashboard/dashboard/order/weekly/chart/data/\')\n    .then(response => response.json())\n    .then(data => 
{\n        const ctx = document.getElementById(\'WeeklySalesChart\').getContext(\'2d\');\n        new Chart(ctx, {\n   
         type: \'line\', // bar, line, radar, pie, polarArea\n            data: data.weekly_chart,\n            
options: {\n                responsive: true,\n                animation: {\n                    duration: 4000, // 
animation ki total time in ms (1000 = 1 sec)\n                    easing: \'easeInOutCubic\', // animation style (you 
can try others too)\n                },\n                scales: {\n                    y: {\n                        
beginAtZero: true\n                    }\n                }\n            }\n        });\n    
});\n</script>\n\n</body>\n</html>'

======================================================================
FAIL: test_navbar_create_post (dashboard.tests.TestServicesAndNavbarViews.test_navbar_create_post)
----------------------------------------------------------------------
Traceback (most recent call last):
  File "C:\Users\hp\Desktop\minishop\dashboard\tests.py", line 150, in test_navbar_create_post
    self.assertRedirects(response, reverse('vendor_dashboard'))
    ~~~~~~~~~~~~~~~~~~~~^^^^^^^^^^^^^^^^^^^^^^^^^^^^^^^^^^^^^^^
AssertionError: 302 != 200 : Couldn't retrieve redirection page '/dashboard/': response code was 302 (expected 200)

======================================================================
FAIL: test_services_create_post (dashboard.tests.TestServicesAndNavbarViews.test_services_create_post)
----------------------------------------------------------------------
Traceback (most recent call last):
  File "C:\Users\hp\Desktop\minishop\dashboard\tests.py", line 166, in test_services_create_post
    self.assertRedirects(response, reverse('vendor_dashboard'))
    ~~~~~~~~~~~~~~~~~~~~^^^^^^^^^^^^^^^^^^^^^^^^^^^^^^^^^^^^^^^
AssertionError: 302 != 200 : Couldn't retrieve redirection page '/dashboard/': response code was 302 (expected 200)

----------------------------------------------------------------------
Ran 31 tests in 109.986s

FAILED (failures=4, errors=5)
Destroying test database for alias 'default'...

Found 31 test(s).
